// Jest Snapshot v1, https://goo.gl/fbAQLP

exports[`SocialProfiles should render all for context 1`] = `
.c1 {
  -webkit-text-decoration: none;
  text-decoration: none;
  position: relative;
  -webkit-letter-spacing: 0.2em;
  -moz-letter-spacing: 0.2em;
  -ms-letter-spacing: 0.2em;
  letter-spacing: 0.2em;
  color: var(--color-link);
  padding-bottom: 2px;
}

.c1:link,
.c1:visited {
  color: var(--color-link);
}

.c1:after {
  display: block;
  position: absolute;
  content: '\\0020';
  z-index: 2;
  border-bottom: 3px solid var(--color-link);
  right: 0;
  bottom: -3px;
  left: 0;
  -webkit-transition: border-bottom-width 0.3s;
  transition: border-bottom-width 0.3s;
}

.c1:hover:after {
  border-bottom-width: 0.5rem;
}

.c1:focus {
  outline: thin dotted;
}

.c1:hover {
  color: #aaa;
}

.c1:link {
  -webkit-tap-highlight-color: rgba(102,102,102,0.5);
}

.c0 {
  display: -webkit-box;
  display: -webkit-flex;
  display: -ms-flexbox;
  display: flex;
  padding: 1rem;
  -webkit-box-pack: justify;
  -webkit-justify-content: space-between;
  -ms-flex-pack: justify;
  justify-content: space-between;
  -webkit-flex-direction: column;
  -ms-flex-direction: column;
  flex-direction: column;
  -webkit-transition: flex-direction 0.24s ease-in-out,width 0.24s ease-in-out;
  transition: flex-direction 0.24s ease-in-out,width 0.24s ease-in-out;
}

.c2 {
  width: 2rem;
  height: 2rem;
}

@media (max-width:1023px) {
  .c0 {
    width: 100%;
    -webkit-flex-direction: row;
    -ms-flex-direction: row;
    flex-direction: row;
    -webkit-order: 1;
    -ms-flex-order: 1;
    order: 1;
    border-top: 4px solid;
    margin-top: 1rem;
  }
}

<div>
  <aside
    class="c0"
  >
    <a
      class="c1"
      href="https://www.linkedin.com/in/james-wiens/"
      rel="me"
      title="aretecode"
    >
      <svg
        class="c2"
        role="img"
        viewBox="0 0 24 24"
        xmlns="https://www.w3.org/2000/svg"
      >
        <title>
          linkedin
           icon
        </title>
        <path
          d="M16.893 20.452v-5.569c0-1.328-.027-3.037-1.852-3.037-1.853 0-2.136 1.445-2.136 2.939v5.667H9.351V9h3.414v1.561h.046c.477-.9 1.637-1.85 3.37-1.85 3.601 0 4.267 2.37 4.267 5.455v6.286h-3.555zM5.337 7.433a2.062 2.062 0 0 1-2.063-2.065 2.064 2.064 0 1 1 2.063 2.065zm1.782 13.019H3.555V9h3.564v11.452z"
          fill="#000"
        />
        <path
          d="M0 0h24v24H0V0z"
          fill="none"
        />
      </svg>
    </a>
  </aside>
</div>
`;

exports[`SocialProfiles should render icon for name 1`] = `
<div>
  <svg
    role="img"
    viewBox="0 0 24 24"
    xmlns="https://www.w3.org/2000/svg"
  >
    <title>
      pdf
       icon
    </title>
    <path
      d="M20 2H8c-1.1 0-2 .9-2 2v12c0 1.1.9 2 2 2h12c1.1 0 2-.9 2-2V4c0-1.1-.9-2-2-2zm-8.5 7.5c0 .83-.67 1.5-1.5 1.5H9v1.25c0 .41-.34.75-.75.75s-.75-.34-.75-.75V8c0-.55.45-1 1-1H10c.83 0 1.5.67 1.5 1.5v1zm5 2c0 .83-.67 1.5-1.5 1.5h-2c-.28 0-.5-.22-.5-.5v-5c0-.28.22-.5.5-.5h2c.83 0 1.5.67 1.5 1.5v3zm4-3.75c0 .41-.34.75-.75.75H19v1h.75c.41 0 .75.34.75.75s-.34.75-.75.75H19v1.25c0 .41-.34.75-.75.75s-.75-.34-.75-.75V8c0-.55.45-1 1-1h1.25c.41 0 .75.34.75.75zM9 9.5h1v-1H9v1zM3 6c-.55 0-1 .45-1 1v13c0 1.1.9 2 2 2h13c.55 0 1-.45 1-1s-.45-1-1-1H5c-.55 0-1-.45-1-1V7c0-.55-.45-1-1-1zm11 5.5h1v-3h-1v3z"
    />
    <path
      d="M0 0h24v24H0V0z"
      fill="none"
    />
  </svg>
</div>
`;
